[2026-07-21T20:06:48] ============================================================
[2026-07-21T20:06:48] Daily Pipeline 启动 · 模式:REAL
[2026-07-21T20:06:48] 1) auto_dispatch.py
[2026-07-21T20:06:49] === 3-Agent Dispatcher ===
仓库: 1500385678/PictureWebWorkflowtest
扫 label: auto-fix
模式: REAL
回流上限: 3 次

没有待 auto-fix 的 issue。
  提示:对某个 issue 加 label "auto-fix" 即可被扫到

[2026-07-21T20:06:49] 2) Fixer agent: .pending/ 有 1 个待办
[2026-07-21T20:06:49]    - issue-11.json
[2026-07-21T20:06:49]    ⚠️ Fixer agent 暂为 stub(等 mavis CLI 修复)
[2026-07-21T20:06:49]    人工修完后,跑:daily_pipeline.py(第二次)会跑 tester + release
[2026-07-21T20:06:49] 3) auto_tester.py --local
[2026-07-21T20:06:50]    起 server.py ...
[2026-07-21T20:06:52] === 3-Agent Tester ===
仓库: 1500385678/PictureWebWorkflowtest
  测试当前 working tree

[跑 smoke]
✅ facets                    /api/facets                         200 bytes=2578
✅ favorites                 /api/favorites                      200 bytes=40
✅ search                    /api/search?limit=3                 200 bytes=1831

✅ 3/3 endpoints OK



结果: 3/3

[2026-07-21T20:06:52] 4) auto_release.py --bump patch
[2026-07-21T20:06:59] [main 35cd84b] release: bump to v0.1.3
 1 file changed, 1 insertion(+), 1 deletion(-)
=== Auto Release ===
当前版本: v0.1.2
新版本:   v0.1.3
bump:     patch
模式:     REAL

1. 改 __version__.py
  ✅ __version__.py → "0.1.3"

2. 收集 changelog(最近 PR)

3. commit + tag + push
  ✅ git tag v0.1.3 创建
  ✅ push main + v0.1.3 完成

4. GitHub Release
  ✅ Release: https://github.com/1500385678/PictureWebWorkflowtest/releases/tag/v0.1.3

🎉 v0.1.3 发布完成

[2026-07-21T20:06:59] Daily Pipeline 全部完成 ✅
[2026-07-21T20:06:59] ============================================================
