[2026-07-21T20:52:40] ============================================================
[2026-07-21T20:52:40] Daily Pipeline 启动 · 模式:REAL
[2026-07-21T20:52:40] 1) auto_dispatch.py
[2026-07-21T20:52:42] === 3-Agent Dispatcher ===
仓库: 1500385678/PictureWebWorkflowtest
扫 label: auto-fix
模式: REAL
回流上限: 3 次

找到 2 个待办:
  #13 [P2] 测试 issue #13 · 验证 auto-fix 派单
  #12 [P1] 测试 daily_pipeline 接入

=== 派 Fixer agent 处理 #13: [P2] 测试 issue #13 · 验证 auto-fix 派单 ===
  → 首次处理(无关联 PR)
  → 写入待办:D:\Mac\Mac\Mac\workteam\05_space\03_architect\Mobile\_ArchitectMobileLib\PictureWebWorkflowtest\scripts\..\.pending\issue-13.json
  (生产模式:此处调 mavis task 启 Fixer agent 改代码)

=== 派 Fixer agent 处理 #12: [P1] 测试 daily_pipeline 接入 ===
  → 首次处理(无关联 PR)
  → 写入待办:D:\Mac\Mac\Mac\workteam\05_space\03_architect\Mobile\_ArchitectMobi
[2026-07-21T20:52:42] 2) Fixer agent: .pending/ 有 3 个待办
[2026-07-21T20:52:42]    - issue-11.json
[2026-07-21T20:52:42]    - issue-12.json
[2026-07-21T20:52:42]    - issue-13.json
[2026-07-21T20:52:42]    ⚠️ Fixer agent 暂为 stub(等 mavis CLI 修复)
[2026-07-21T20:52:42]    人工修完后,跑:daily_pipeline.py(第二次)会跑 tester + release
[2026-07-21T20:52:42] 3) auto_tester.py --local
[2026-07-21T20:52:43]    起 server.py ...
[2026-07-21T20:52:45] === 3-Agent Tester ===
仓库: 1500385678/PictureWebWorkflowtest
  测试当前 working tree

[跑 smoke]
✅ facets                    /api/facets                         200 bytes=2578
✅ favorites                 /api/favorites                      200 bytes=40
✅ search                    /api/search?limit=3                 200 bytes=1831

✅ 3/3 endpoints OK



结果: 3/3

[2026-07-21T20:52:45] 4) auto_release.py --bump patch
[2026-07-21T20:53:36] [main 9520c4f] release: bump to v0.1.4
 1 file changed, 1 insertion(+), 1 deletion(-)
=== Auto Release ===
当前版本: v0.1.3
新版本:   v0.1.4
bump:     patch
模式:     REAL

1. 改 __version__.py
  ✅ __version__.py → "0.1.4"

2. 收集 changelog(最近 PR)

3. commit + tag + push
  ✅ git tag v0.1.4 创建
  ✅ push main + v0.1.4 完成

4. GitHub Release
  ✅ Release: https://github.com/1500385678/PictureWebWorkflowtest/releases/tag/v0.1.4

🎉 v0.1.4 发布完成

[2026-07-21T20:53:36] Daily Pipeline 全部完成 ✅
[2026-07-21T20:53:36] ============================================================
